
> receipt-tracker@0.1.0 build
> next build

笆ｲ Next.js 16.1.6 (Turbopack)
- Environments: .env

node.exe : 笞 The "middleware" file conve
ntion is deprecated. Please use "proxy" i
nstead. Learn more: https://nextjs.org/do
cs/messages/middleware-to-proxy
発生場所 行:1 文字:1
+ & "C:\Program Files\nodejs/node.exe" "C
:\Program Files\nodejs/node_mo ...
+ ~~~~~~~~~~~~~~~~~~~~~~~~~~~~~~~~~~~~~~~
~~~~~~~~~~~~~~~~~~~~~~~~~~~~~~
    + CategoryInfo          : NotSpecifi 
   ed: (笞 The "middlew...leware-to-pro  
  xy:String) [], RemoteException
    + FullyQualifiedErrorId : NativeComm 
   andError
 
  Creating an optimized production build ...
笨・Compiled successfully in 2.4s
  Running TypeScript ...
  Collecting page data using 15 workers ...
Error [PrismaClientInitializationError]: 
`PrismaClient` needs to be constructed wi
th a non-empty, valid `PrismaClientOption
s`:

```
new PrismaClient({
  ...
})
```

or

```
constructor() {
  super({ ... });
}
```
          
    at module evaluation (C:\Users\mako\D
esktop\AI菴懈･ｭ\G\螳ｶ險育ｰｿ\.next\server\chunk
s\[root-of-the-server]__78795940._.js:1:8
8)
    at instantiateModule (C:\Users\mako\D
esktop\AI菴懈･ｭ\G\螳ｶ險育ｰｿ\.next\server\chunk
s\[turbopack]_runtime.js:740:9)
    at getOrInstantiateModuleFromParent (
C:\Users\mako\Desktop\AI菴懈･ｭ\G\螳ｶ險育ｰｿ\.ne
xt\server\chunks\[turbopack]_runtime.js:7
63:12)
    at Context.esmImport [as i] (C:\Users
\mako\Desktop\AI菴懈･ｭ\G\螳ｶ險育ｰｿ\.next\serve
r\chunks\[turbopack]_runtime.js:228:20)
    at module evaluation (C:\Users\mako\D
esktop\AI菴懈･ｭ\G\螳ｶ險育ｰｿ\.next\server\chunk
s\[root-of-the-server]__78795940._.js:1:1
505)
    at instantiateModule (C:\Users\mako\D
esktop\AI菴懈･ｭ\G\螳ｶ險育ｰｿ\.next\server\chunk
s\[turbopack]_runtime.js:740:9)
    at instantiateRuntimeModule (C:\Users
\mako\Desktop\AI菴懈･ｭ\G\螳ｶ險育ｰｿ\.next\serve
r\chunks\[turbopack]_runtime.js:768:12)
    at getOrInstantiateRuntimeModule (C:\
Users\mako\Desktop\AI菴懈･ｭ\G\螳ｶ險育ｰｿ\.next\
server\chunks\[turbopack]_runtime.js:781:
12)
    at Object.m (C:\Users\mako\Desktop\AI
菴懈･ｭ\G\螳ｶ險育ｰｿ\.next\server\chunks\[turbop
ack]_runtime.js:790:18) {
  clientVersion: '7.4.1',
  errorCode: undefined,
  retryable: undefined
}

> Build error occurred
Error: Failed to collect page data for /a
pi/categories/[id]
    at ignore-listed frames {
  type: 'Error'
}
